Resetting local database...
Recreating database...
Initialising schema...
Seeding globals from roles.sql...
Applying migration 20260915073334_inventory_schema.sql...
Applying migration 20260915073437_inventory_rpc.sql...
Applying migration 20260917090000_phase1_auth_membership_rls.sql...
Applying migration 20260917120000_phase2_canonical_inventory_model.sql...
Applying migration 20260917160000_phase3_authoritative_documents.sql...
Applying migration 20260917200000_phase4_atomic_document_commands.sql...
Applying migration 20260918090000_phase5_ledger_reversals.sql...
Applying migration 20260918130000_phase6_offline_workflow_support.sql...
Applying migration 20260918170000_phase7_identifiers_scanning.sql...
Applying migration 20260918205900_phase8_command_enum.sql...
Applying migration 20260918210000_phase8_production_hardening.sql...
Applying migration 20260919090000_phase9_stock_revision_preconditions.sql...
Seeding data from supabase/seed.sql...
Restarting containers...
Finished supabase db reset on branch master.
{"target":"local","version":"","message":"Reset local database."}
